{'ISDCrossLinkMS_Distance_interrb-State:0-62:Nup145c_2:Nup85-1-1-1.0_EDC': '20.633472649', 'ISDCrossLinkMS_Distance_intrarb-State:0-400:Nup120_531:Nup120-1-1-1.0_DSS': '15.4670337933', 'ISDCrossLinkMS_Distance_interrb-State:0-943:Nup120_672:Nup145c-1-1-1.0_DSS': '25.1402843871', 'ISDCrossLinkMS_Distance_interrb-State:0-966:Nup133_625:Nup84-1-1-1.0_DSS': '53.3725400395', 'ISDCrossLinkMS_Distance_interrb-State:0-171:Nup133_127:Nup133-1-1-1.0_EDC': '17.9923251535', 'ISDCrossLinkMS_Sigma_1_EDC': '7.99345984172', 'ISDCrossLinkMS_Distance_interrb-State:0-44:Sec13_168:Nup145c-1-1-1.0_DSS': '17.0553562683', 'SimplifiedModel_Link_SortedSegments_Nup84_None': '0.0', 'LinkerRestraint-Nup85_21-40_bead-Nup85_41-60_bead_None': '0.0', 'ISDCrossLinkMS_Distance_interrb-State:0-59:Nup145c_564:Nup85-1-1-1.0_DSS': '36.9758939331', 'ISDCrossLinkMS_Distance_intrarb-State:0-219:Nup145c_231:Nup145c-1-1-1.0_EDC': '12.2379049655', 'LinkerRestraint-Nup84_127-135_bead-Nup84_136_pdb_None': '0.0', 'LinkerRestraint-Nup133_41-55_bead-Nup133_56_pdb_None': '0.0', 'SimplifiedModel_Link_SortedSegments_Nup85_None': '0.0', 'ISDCrossLinkMS_Distance_interrb-State:0-2:Sec13_164:Nup145c-1-1-1.0_EDC': '4.57668500942', 'ISDCrossLinkMS_Psi_1.0_DSS': '0.05', 'LinkerRestraint-Nup133_480_pdb-Nup133_481-489_bead_None': '0.0', 'ISDCrossLinkMS_Distance_interrb-State:0-544:Nup84_565:Nup84-1-1-1.0_EDC': '32.2178998046', 'LinkerRestraint-Nup145c_674-693_bead-Nup145c_694-712_bead_None': '0.0', 'ISDCrossLinkMS_Distance_intrarb-State:0-20:Nup84_459:Nup84-1-1-1.0_DSS': '16.0675198927', 'SimplifiedModel_Link_SortedSegments_Nup145c_None': '0.0', 'ISDCrossLinkMS_Distance_intrarb-State:0-182:Seh1_198:Seh1-1-1-1.0_DSS': '12.5225466539', 'ISDCrossLinkMS_Distance_interrb-State:0-2:Seh1_34:Nup85-1-1-1.0_EDC': '9.45788266691', 'ISDCrossLinkMS_Distance_interrb-State:0-30:Nup85_1:Nup85-1-1-1.0_DSS': '14.9770986298', 'LinkerRestraint-Nup120_212_pdb-Nup120_213-220_bead_None': '0.0', 'ISDCrossLinkMS_Distance_intrarb-State:0-2:Sec13_31:Sec13-1-1-1.0_DSS': '24.7572135901', 'LinkerRestraint-Sec13_158_pdb-Sec13_159-165_bead_None': '0.0', 'ISDCrossLinkMS_Distance_interrb-State:0-43:Nup145c_163:Nup85-1-1-1.0_DSS': '53.0760014784', 'ISDCrossLinkMS_Distance_intrarb-State:0-193:Nup145c_220:Nup145c-1-1-1.0_EDC': '9.94048084623', 'ISDCrossLinkMS_Distance_interrb-State:0-2:Sec13_22:Nup145c-1-1-1.0_EDC': '20.5527556534', 'LinkerRestraint-Nup85_61-66_bead-Nup85_67_pdb_None': '0.0', 'ISDCrossLinkMS_Distance_interrb-State:0-488:Nup133_442:Nup133-1-1-1.0_DSS': '16.8992833145', 'LinkerRestraint-Nup145c_175_pdb-Nup145c_176-181_bead_None': '0.0', 'LinkerRestraint-Nup133_764-771_bead-Nup133_772_pdb_None': '0.0', 'LinkerRestraint-Nup120_305_pdb-Nup120_306-310_bead_None': '0.0', 'ISDCrossLinkMS_Distance_intrarb-State:0-1072:Nup133_1032:Nup133-1-1-1.0_EDC': '22.7344362148', 'LinkerRestraint-Nup120_781_pdb-Nup120_782-801_bead_None': '0.0', 'ISDCrossLinkMS_Distance_intrarb-State:0-309:Nup145c_293:Nup145c-1-1-1.0_EDC': '13.8751380237', 'LinkerRestraint-Nup85_603-619_bead-Nup85_620_pdb_None': '0.0', 'LinkerRestraint-Nup120_1010_pdb-Nup120_1011-1022_bead_None': '0.0', 'LinkerRestraint-Nup85_1-20_bead-Nup85_21-40_bead_None': '0.0', 'LinkerRestraint-Sec13_1_bead-Sec13_2_pdb_None': '0.0', 'LinkerRestraint-Nup120_910_pdb-Nup120_911-920_bead_None': '0.0', 'ISDCrossLinkMS_Distance_interrb-State:0-283:Sec13_437:Nup145c-1-1-1.0_EDC': '17.3645214844', 'ISDCrossLinkMS_Distance_interrb-State:0-1:Seh1_163:Nup85-1-1-1.0_DSS': '17.9021427894', 'ISDCrossLinkMS_Distance_intrarb-State:0-729:Nup85_734:Nup85-1-1-1.0_DSS': '8.48532228249', 'LinkerRestraint-Nup84_1-6_bead-Nup84_7_pdb_None': '0.0', 'ISDCrossLinkMS_Distance_interrb-State:0-936:Nup133_392:Nup133-1-1-1.0_EDC': '115.9561934', 'ISDCrossLinkMS_Distance_intrarb-State:0-536:Nup85_564:Nup85-1-1-1.0_DSS': '10.4943150966', 'ISDCrossLinkMS_Distance_intrarb-State:0-288:Sec13_245:Sec13-1-1-1.0_DSS': '11.4148017015', 'ISDCrossLinkMS_Distance_interrb-State:0-198:Seh1_279:Seh1-1-1-1.0_EDC': '11.0772244288', 'ISDCrossLinkMS_Distance_interrb-State:0-2:Sec13_141:Nup145c-1-1-1.0_DSS': '20.8793020639', 'LinkerRestraint-Nup145c_176-181_bead-Nup145c_182_pdb_None': '0.0', 'ISDCrossLinkMS_Distance_intrarb-State:0-288:Sec13_250:Sec13-1-1-1.0_EDC': '10.504638089', 'ISDCrossLinkMS_Distance_intrarb-State:0-277:Sec13_249:Sec13-1-1-1.0_DSS': '15.9151298981', 'MonteCarlo_StepSize_Nuisances_ISDCrossLinkMS_Sigma_1_DSS_84': '0.5', 'ISDCrossLinkMS_Distance_interrb-State:0-2:Nup85_1:Seh1-1-1-1.0_EDC': '12.0890140168', 'LinkerRestraint-Nup133_201-205_bead-Nup133_206_pdb_None': '0.0', 'ISDCrossLinkMS_Distance_interrb-State:0-39:Nup145c_163:Nup85-1-1-1.0_DSS': '51.6442736853', 'ISDCrossLinkMS_Distance_interrb-State:0-282:Sec13_437:Nup145c-1-1-1.0_DSS': '20.6907084239', 'ISDCrossLinkMS_Data_Score_EDC': '72.2729005289', 'LinkerRestraint-Nup133_125_pdb-Nup133_126-132_bead_None': '0.0', 'ISDCrossLinkMS_Distance_interrb-State:0-43:Nup145c_587:Nup85-1-1-1.0_EDC': '16.9768391513', 'LinkerRestraint-Nup85_602_pdb-Nup85_603-619_bead_None': '0.0', 'ISDCrossLinkMS_Distance_intrarb-State:0-2:Sec13_37:Sec13-1-1-1.0_EDC': '12.6582900501', 'ISDCrossLinkMS_Distance_interrb-State:0-143:Nup84_335:Nup145c-1-1-1.0_EDC': '19.4621193362', 'ISDCrossLinkMS_Distance_interrb-State:0-168:Nup133_131:Nup133-1-1-1.0_EDC': '19.6309900326', 'ISDCrossLinkMS_Distance_intrarb-State:0-171:Nup133_197:Nup133-1-1-1.0_EDC': '5.11551543484', 'ISDCrossLinkMS_Distance_interrb-State:0-187:Nup133_127:Nup133-1-1-1.0_EDC': '14.4723403154', 'ISDCrossLinkMS_Distance_interrb-State:0-865:Nup120_898:Nup120-1-1-1.0_EDC': '16.8045974166', 'ISDCrossLinkMS_Distance_intrarb-State:0-236:Nup145c_219:Nup145c-1-1-1.0_DSS': '6.60333976594', 'ISDCrossLinkMS_Distance_interrb-State:0-87:Nup85_59:Nup85-1-1-1.0_EDC': '14.9664564852', 'ISDCrossLinkMS_Distance_intrarb-State:0-400:Nup120_523:Nup120-1-1-1.0_EDC': '11.6244220113', 'ISDCrossLinkMS_Distance_intrarb-State:0-227:Nup145c_183:Nup145c-1-1-1.0_DSS': '14.2066410641', 'SimplifiedModel_Link_UnmodeledRegions_Nup85_None': '0.0', 'ISDCrossLinkMS_Distance_intrarb-State:0-394:Nup133_454:Nup133-1-1-1.0_EDC': '14.1960856321', 'LinkerRestraint-Seh1_346_pdb-Seh1_347-349_bead_None': '0.0', 'ISDCrossLinkMS_Distance_interrb-State:0-79:Seh1_2:Nup85-1-1-1.0_EDC': '34.5246867248', 'LinkerRestraint-Nup85_671_pdb-Nup85_672-679_bead_None': '0.0', 'LinkerRestraint-Nup84_80_pdb-Nup84_81-95_bead_None': '0.0', 'LinkerRestraint-Nup145c_121-125_bead-Nup145c_126_pdb_None': '0.0', 'ISDCrossLinkMS_Distance_interrb-State:0-89:Nup85_2:Nup85-1-1-1.0_DSS': '18.903839127', 'ISDCrossLinkMS_Distance_interrb-State:0-2:Seh1_5:Nup85-1-1-1.0_EDC': '15.4637371742', 'LinkerRestraint-Nup145c_574-593_bead-Nup145c_594-613_bead_None': '0.0', 'ISDCrossLinkMS_Distance_interrb-State:0-1:Seh1_33:Nup85-1-1-1.0_EDC': '7.50483177741', 'ISDCrossLinkMS_Distance_intrarb-State:0-946:Nup133_912:Nup133-1-1-1.0_DSS': '20.849099485', 'ISDCrossLinkMS_Distance_intrarb-State:0-143:Nup84_164:Nup84-1-1-1.0_EDC': '19.1917898928', 'rmf_frame_index': 179, 'ISDCrossLinkMS_Distance_intrarb-State:0-913:Nup133_1097:Nup133-1-1-1.0_EDC': '18.4359025434', 'ISDCrossLinkMS_Distance_interrb-State:0-681:Nup145c_711:Nup145c-1-1-1.0_DSS': '15.7293648071', 'ISDCrossLinkMS_Distance_interrb-State:0-486:Nup133_442:Nup133-1-1-1.0_EDC': '16.8992833145', 'LinkerRestraint-Nup120_306-310_bead-Nup120_311_pdb_None': '0.0', 'LinkerRestraint-Nup133_249_pdb-Nup133_250-257_bead_None': '0.0', 'LinkerRestraint-Nup120_802-804_bead-Nup120_805_pdb_None': '0.0', 'ISDCrossLinkMS_Distance_intrarb-State:0-913:Nup133_989:Nup133-1-1-1.0_EDC': '16.3860502882', 'ISDCrossLinkMS_Distance_intrarb-State:0-2:Sec13_47:Sec13-1-1-1.0_EDC': '20.0023045199', 'ISDCrossLinkMS_Distance_interrb-State:0-2:Sec13_42:Nup145c-1-1-1.0_EDC': '19.4433105168', 'LinkerRestraint-Nup133_763_pdb-Nup133_764-771_bead_None': '0.0', 'ISDCrossLinkMS_Distance_interrb-State:0-207:Seh1_279:Seh1-1-1-1.0_EDC': '17.4186793883', 'SimplifiedModel_Link_UnmodeledRegions_Nup145c_None': '0.0', 'ISDCrossLinkMS_Distance_intrarb-State:0-17:Nup120_421:Nup120-1-1-1.0_EDC': '9.64029251203', 'ISDCrossLinkMS_Distance_interrb-State:0-484:Nup133_442:Nup133-1-1-1.0_EDC': '16.8992833145', 'ISDCrossLinkMS_Distance_intrarb-State:0-114:Nup84_107:Nup84-1-1-1.0_DSS': '12.1857137785', 'ISDCrossLinkMS_Distance_intrarb-State:0-1072:Nup133_1034:Nup133-1-1-1.0_DSS': '18.6924724836', 'ISDCrossLinkMS_Distance_intrarb-State:0-183:Nup145c_174:Nup145c-1-1-1.0_DSS': '23.1590311198', 'ISDCrossLinkMS_Distance_intrarb-State:0-252:Sec13_245:Sec13-1-1-1.0_DSS': '15.4744331972', 'ISDCrossLinkMS_Distance_interrb-State:0-40:Seh1_44:Nup145c-1-1-1.0_EDC': '33.4338209577', 'ISDCrossLinkMS_Distance_intrarb-State:0-669:Nup84_712:Nup84-1-1-1.0_DSS': '15.8602387406', 'LinkerRestraint-Nup85_529_pdb-Nup85_530-532_bead_None': '0.0', 'ISDCrossLinkMS_Distance_interrb-State:0-1:Seh1_39:Nup85-1-1-1.0_DSS': '7.50483177741', 'ISDCrossLinkMS_Distance_interrb-State:0-1:Nup145c_43:Nup145c-1-1-1.0_DSS': '27.5066750554', 'ISDCrossLinkMS_Distance_interrb-State:0-668:Nup145c_593:Nup145c-1-1-1.0_DSS': '23.3343276908', 'ISDCrossLinkMS_Distance_interrb-State:0-573:Nup84_560:Nup84-1-1-1.0_DSS': '9.12564614744', 'ISDCrossLinkMS_Distance_interrb-State:0-2:Sec13_61:Nup145c-1-1-1.0_EDC': '29.5210636689', 'LinkerRestraint-Seh1_248_pdb-Seh1_249-268_bead_None': '0.0', 'ISDCrossLinkMS_Distance_interrb-State:0-39:Nup85_60:Nup85-1-1-1.0_DSS': '20.2646449381', 'LinkerRestraint-Nup120_712_pdb-Nup120_713-726_bead_None': '0.0', 'ISDCrossLinkMS_Distance_interrb-State:0-23:Nup84_14:Nup84-1-1-1.0_DSS': '20.6550417488', 'LinkerRestraint-Nup133_145-161_bead-Nup133_162_pdb_None': '0.0', 'ExcludedVolumeSphere_None': '7.36558218506', 'LinkerRestraint-Nup145c_61-80_bead-Nup145c_81-100_bead_None': '0.0', 'ISDCrossLinkMS_Distance_interrb-State:0-17:Nup85_1:Seh1-1-1-1.0_EDC': '12.0890140168', 'ISDCrossLinkMS_Distance_intrarb-State:0-913:Nup133_946:Nup133-1-1-1.0_DSS': '22.7108187044', 'ISDCrossLinkMS_Distance_interrb-State:0-585:Nup85_42:Nup145c-1-1-1.0_EDC': '17.2262280618', 'ISDCrossLinkMS_Distance_interrb-State:0-40:Seh1_2:Nup85-1-1-1.0_EDC': '10.7920403829', 'ISDCrossLinkMS_Distance_intrarb-State:0-163:Nup145c_174:Nup145c-1-1-1.0_DSS': '10.0870586413', 'SimplifiedModel_Link_UnmodeledRegions_Nup84_None': '0.0', 'ISDCrossLinkMS_Distance_interrb-State:0-244:Sec13_437:Nup145c-1-1-1.0_DSS': '21.9913434582', 'ISDCrossLinkMS_Distance_interrb-State:0-2:Sec13_283:Nup145c-1-1-1.0_EDC': '60.4440315918', 'ISDCrossLinkMS_Distance_interrb-State:0-63:Nup145c_2:Nup85-1-1-1.0_EDC': '20.633472649', 'ElectronMicroscopy2D_None': '29.3470963762', 'LinkerRestraint-Nup133_250-257_bead-Nup133_258_pdb_None': '0.0', 'AVERAGE_RMSD': '0.0', 'LinkerRestraint-Nup133_79-85_bead-Nup133_86_pdb_None': '0.0', 'LinkerRestraint-Nup120_892_pdb-Nup120_893-902_bead_None': '0.0', 'LinkerRestraint-Nup85_530-532_bead-Nup85_533_pdb_None': '0.0', 'MonteCarlo_Acceptance_Nuisances_ISDCrossLinkMS_Sigma_1_EDC_85': '0.640512820513', 'ISDCrossLinkMS_Distance_interrb-State:0-206:Nup120_219:Nup120-1-1-1.0_EDC': '14.0848867055', 'SimplifiedModel_Link_UnmodeledRegions_Sec13_None': '0.0', 'ISDCrossLinkMS_Distance_interrb-State:0-168:Nup133_191:Nup133-1-1-1.0_DSS': '16.2349187913', 'MonteCarlo_Acceptance_Nuisances_ISDCrossLinkMS_Sigma_1_DSS_84': '0.674358974359', 'LinkerRestraint-Nup133_21-40_bead-Nup133_41-55_bead_None': '0.0', 'ISDCrossLinkMS_Distance_interrb-State:0-642:Nup145c_686:Nup145c-1-1-1.0_EDC': '15.0370354342', 'SimplifiedModel_Link_UnmodeledRegions_Nup133_None': '0.0', 'ISDCrossLinkMS_Distance_interrb-State:0-252:Sec13_734:Nup85-1-1-1.0_DSS': '74.2191128192', 'ISDCrossLinkMS_Distance_interrb-State:0-2:Sec13_174:Nup145c-1-1-1.0_DSS': '14.033877041', 'ISDCrossLinkMS_Distance_intrarb-State:0-171:Nup133_195:Nup133-1-1-1.0_EDC': '7.18492221029', 'ISDCrossLinkMS_Distance_intrarb-State:0-544:Nup84_670:Nup84-1-1-1.0_DSS': '22.9949246626', 'ISDCrossLinkMS_Distance_interrb-State:0-236:Seh1_2:Nup85-1-1-1.0_DSS': '31.0339464655', 'ISDCrossLinkMS_Distance_intrarb-State:0-115:Nup133_59:Nup133-1-1-1.0_DSS': '14.340955808', 'ISDCrossLinkMS_Distance_interrb-State:0-1:Seh1_30:Nup85-1-1-1.0_DSS': '7.50483177741', 'LinkerRestraint-Nup85_743_pdb-Nup85_744_bead_None': '0.0', 'ISDCrossLinkMS_Distance_intrarb-State:0-22:Sec13_41:Sec13-1-1-1.0_EDC': '11.3551003871', 'LinkerRestraint-Nup85_123-134_bead-Nup85_135_pdb_None': '0.0', 'ISDCrossLinkMS_Distance_interrb-State:0-60:Nup85_2:Nup85-1-1-1.0_DSS': '18.2836353397', 'ISDCrossLinkMS_Distance_intrarb-State:0-108:Seh1_79:Seh1-1-1-1.0_DSS': '6.18255812073', 'ISDCrossLinkMS_Distance_interrb-State:0-43:Nup145c_141:Seh1-1-1-1.0_EDC': '13.5611062659', 'LinkerRestraint-Nup133_184_pdb-Nup133_185-192_bead_None': '0.0', 'ISDCrossLinkMS_Distance_intrarb-State:0-66:Nup84_382:Nup84-1-1-1.0_DSS': '13.3890760334', 'LinkerRestraint-Nup133_1-20_bead-Nup133_21-40_bead_None': '0.0', 'LinkerRestraint-Nup84_504-505_bead-Nup84_506_pdb_None': '0.0', 'ISDCrossLinkMS_Distance_interrb-State:0-865:Nup120_894:Nup120-1-1-1.0_EDC': '16.8045974166', 'ISDCrossLinkMS_Distance_intrarb-State:0-143:Nup84_175:Nup84-1-1-1.0_EDC': '11.4772824624', 'ISDCrossLinkMS_Distance_interrb-State:0-141:Nup145c_284:Seh1-1-1-1.0_EDC': '48.9334198612', 'ISDCrossLinkMS_Distance_interrb-State:0-936:Nup133_712:Nup84-1-1-1.0_DSS': '15.9353741359', 'ISDCrossLinkMS_Distance_interrb-State:0-48:Nup145c_39:Nup145c-1-1-1.0_DSS': '17.7776217428', 'ISDCrossLinkMS_Distance_intrarb-State:0-946:Nup133_1097:Nup133-1-1-1.0_EDC': '30.6416466369', 'ISDCrossLinkMS_Distance_interrb-State:0-936:Nup133_713:Nup84-1-1-1.0_EDC': '14.2819195043', 'SimplifiedModel_Total_Score_None': '262.586682962', 'ISDCrossLinkMS_Distance_intrarb-State:0-183:Nup145c_231:Nup145c-1-1-1.0_EDC': '11.6154174797', 'LinkerRestraint-Nup84_563-574_bead-Nup84_575_pdb_None': '0.0', 'LinkerRestraint-Nup133_185-192_bead-Nup133_193_pdb_None': '0.0', 'ISDCrossLinkMS_Distance_intrarb-State:0-966:Nup133_963:Nup133-1-1-1.0_DSS': '4.65852607856', 'ISDCrossLinkMS_Distance_interrb-State:0-735:Nup120_403:Nup120-1-1-1.0_EDC': '20.4006428362', 'ISDCrossLinkMS_Distance_interrb-State:0-39:Nup145c_61:Nup145c-1-1-1.0_EDC': '15.692515532', 'LinkerRestraint-Nup120_782-801_bead-Nup120_802-804_bead_None': '0.0', 'ISDCrossLinkMS_Distance_interrb-State:0-154:Nup84_335:Nup145c-1-1-1.0_EDC': '6.85294711548', 'ISDCrossLinkMS_Distance_intrarb-State:0-1:Seh1_40:Seh1-1-1-1.0_DSS': '13.3723116683', 'ISDCrossLinkMS_Distance_interrb-State:0-694:Nup145c_649:Nup145c-1-1-1.0_DSS': '16.9335138247', 'ISDCrossLinkMS_Distance_interrb-State:0-245:Sec13_2:Nup85-1-1-1.0_DSS': '73.6887191813', 'ISDCrossLinkMS_Distance_interrb-State:0-680:Nup85_43:Nup145c-1-1-1.0_DSS': '45.9794094687', 'ISDCrossLinkMS_Distance_interrb-State:0-288:Sec13_437:Nup145c-1-1-1.0_DSS': '16.877714523', 'ISDCrossLinkMS_Distance_intrarb-State:0-22:Sec13_39:Sec13-1-1-1.0_EDC': '6.37674103728', 'ISDCrossLinkMS_Distance_interrb-State:0-573:Nup84_544:Nup84-1-1-1.0_DSS': '32.2178998046', 'ISDCrossLinkMS_Distance_interrb-State:0-67:Nup145c_43:Nup145c-1-1-1.0_DSS': '14.0849561509', 'ISDCrossLinkMS_Distance_intrarb-State:0-360:Nup145c_353:Nup145c-1-1-1.0_DSS': '10.4516373918', 'ISDCrossLinkMS_Distance_intrarb-State:0-1144:Nup133_1068:Nup133-1-1-1.0_EDC': '12.0037903413', 'ISDCrossLinkMS_Distance_interrb-State:0-593:Nup145c_201:Nup145c-1-1-1.0_EDC': '48.5011536317', 'ISDCrossLinkMS_Distance_intrarb-State:0-231:Nup85_238:Nup85-1-1-1.0_DSS': '8.80742993859', 'ISDCrossLinkMS_Distance_interrb-State:0-681:Nup145c_704:Nup145c-1-1-1.0_EDC': '15.7293648071', 'ISDCrossLinkMS_Distance_interrb-State:0-39:Nup145c_164:Nup85-1-1-1.0_EDC': '50.4375673769', 'SimplifiedModel_Link_SortedSegments_Seh1_None': '0.0', 'ISDCrossLinkMS_Distance_intrarb-State:0-244:Sec13_288:Sec13-1-1-1.0_DSS': '12.3308410873', 'ISDCrossLinkMS_Distance_interrb-State:0-34:Seh1_2:Nup85-1-1-1.0_DSS': '19.6915804188', 'ISDCrossLinkMS_Distance_intrarb-State:0-250:Nup145c_213:Nup145c-1-1-1.0_EDC': '25.4785669669', 'ISDCrossLinkMS_Distance_interrb-State:0-91:Nup145c_60:Nup145c-1-1-1.0_EDC': '17.4182249678', 'LinkerRestraint-Sec13_159-165_bead-Sec13_166_pdb_None': '0.0', 'LinkerRestraint-Nup120_29_pdb-Nup120_30-49_bead_None': '0.0', 'ISDCrossLinkMS_Distance_interrb-State:0-694:Nup145c_672:Nup145c-1-1-1.0_DSS': '16.5036960479', 'ISDCrossLinkMS_Distance_interrb-State:0-2:Sec13_72:Nup145c-1-1-1.0_EDC': '29.5210636689', 'ISDCrossLinkMS_Distance_interrb-State:0-201:Seh1_279:Seh1-1-1-1.0_EDC': '15.3742966027', 'LinkerRestraint-Nup145c_654-673_bead-Nup145c_674-693_bead_None': '0.0', 'ISDCrossLinkMS_Distance_intrarb-State:0-619:Nup84_599:Nup84-1-1-1.0_EDC': '9.87551388684', 'LinkerRestraint-Nup145c_81-100_bead-Nup145c_101-120_bead_None': '0.0', 'ISDCrossLinkMS_Distance_interrb-State:0-681:Nup145c_700:Nup145c-1-1-1.0_EDC': '15.7293648071', 'ISDCrossLinkMS_Distance_intrarb-State:0-207:Seh1_198:Seh1-1-1-1.0_DSS': '20.2418823247', 'ISDCrossLinkMS_Distance_interrb-State:0-536:Nup85_70:Nup145c-1-1-1.0_EDC': '36.1761606635', 'ISDCrossLinkMS_Distance_interrb-State:0-972:Nup120_729:Nup85-1-1-1.0_DSS': '25.6428459187', 'ISDCrossLinkMS_Distance_interrb-State:0-972:Nup120_733:Nup85-1-1-1.0_DSS': '19.9932387382', 'ISDCrossLinkMS_Distance_interrb-State:0-642:Nup145c_681:Nup145c-1-1-1.0_DSS': '15.0370354342', 'ISDCrossLinkMS_Distance_interrb-State:0-103:Nup133_130:Nup133-1-1-1.0_EDC': '16.9524331927', 'LinkerRestraint-Nup85_427_pdb-Nup85_428-447_bead_None': '0.0', 'LinkerRestraint-Nup84_484-503_bead-Nup84_504-505_bead_None': '0.0', 'ISDCrossLinkMS_Distance_interrb-State:0-39:Nup145c_141:Seh1-1-1-1.0_EDC': '19.5936890932', 'ISDCrossLinkMS_Distance_interrb-State:0-40:Seh1_564:Nup85-1-1-1.0_DSS': '25.3477965235', 'LinkerRestraint-Nup145c_594-613_bead-Nup145c_614-633_bead_None': '0.0', 'LinkerRestraint-Nup145c_634-653_bead-Nup145c_654-673_bead_None': '0.0', 'LinkerRestraint-Nup133_78_pdb-Nup133_79-85_bead_None': '0.0', 'ISDCrossLinkMS_Distance_intrarb-State:0-37:Seh1_92:Seh1-1-1-1.0_EDC': '10.1154464494', 'ISDCrossLinkMS_Distance_interrb-State:0-212:Seh1_2:Nup85-1-1-1.0_DSS': '36.590407529', 'ISDCrossLinkMS_Distance_intrarb-State:0-972:Nup120_963:Nup120-1-1-1.0_DSS': '14.1785531285', 'LinkerRestraint-Nup84_126_pdb-Nup84_127-135_bead_None': '0.0', 'LinkerRestraint-Nup85_428-447_bead-Nup85_448-460_bead_None': '0.0', 'ISDCrossLinkMS_Distance_interrb-State:0-39:Nup145c_138:Seh1-1-1-1.0_EDC': '21.4198571254', 'ISDCrossLinkMS_Distance_intrarb-State:0-912:Nup133_1097:Nup133-1-1-1.0_EDC': '15.791322177', 'ISDCrossLinkMS_Sigma_1_DSS': '9.76583169648', 'ISDCrossLinkMS_Distance_interrb-State:0-1:Seh1_2:Nup85-1-1-1.0_DSS': '12.0890140168', 'LinkerRestraint-Nup84_483_pdb-Nup84_484-503_bead_None': '0.0', 'ISDCrossLinkMS_Distance_interrb-State:0-39:Nup145c_2:Nup85-1-1-1.0_DSS': '27.4519951029', 'LinkerRestraint-Nup120_713-726_bead-Nup120_727_pdb_None': '0.0', 'LinkerRestraint-Nup120_430-439_bead-Nup120_440_pdb_None': '0.0', 'ISDCrossLinkMS_Distance_intrarb-State:0-247:Nup85_345:Nup85-1-1-1.0_DSS': '11.0357710679', 'ISDCrossLinkMS_Distance_interrb-State:0-91:Nup145c_44:Nup145c-1-1-1.0_EDC': '17.4182249678', 'ISDCrossLinkMS_Distance_interrb-State:0-207:Seh1_2:Nup85-1-1-1.0_DSS': '34.7193713807', 'ISDCrossLinkMS_Distance_intrarb-State:0-680:Nup85_734:Nup85-1-1-1.0_DSS': '17.0998014066', 'ISDCrossLinkMS_Distance_interrb-State:0-85:Nup85_2:Nup85-1-1-1.0_DSS': '24.9640188272', 'ISDCrossLinkMS_Distance_intrarb-State:0-669:Nup84_676:Nup84-1-1-1.0_DSS': '10.168577809', 'ISDCrossLinkMS_Distance_interrb-State:0-43:Nup145c_138:Seh1-1-1-1.0_EDC': '21.3243261148', 'ISDCrossLinkMS_Distance_interrb-State:0-83:Sec13_649:Nup145c-1-1-1.0_DSS': '55.1163602635', 'ISDCrossLinkMS_Distance_interrb-State:0-85:Nup85_63:Nup85-1-1-1.0_EDC': '16.243519393', 'ISDCrossLinkMS_Distance_interrb-State:0-2:Sec13_198:Seh1-1-1-1.0_DSS': '21.0800685627', 'ISDCrossLinkMS_Distance_interrb-State:0-400:Nup120_735:Nup120-1-1-1.0_DSS': '21.6311062578', 'ISDCrossLinkMS_Distance_interrb-State:0-972:Nup120_694:Nup145c-1-1-1.0_DSS': '21.1391758032', 'ISDCrossLinkMS_Distance_interrb-State:0-39:Nup145c_680:Nup85-1-1-1.0_DSS': '46.4653519509', 'ISDCrossLinkMS_Distance_interrb-State:0-2:Seh1_4:Nup85-1-1-1.0_EDC': '15.4637371742', 'LinkerRestraint-Nup133_1155_pdb-Nup133_1156-1157_bead_None': '0.0', 'ISDCrossLinkMS_Distance_interrb-State:0-1:Nup145c_39:Nup145c-1-1-1.0_DSS': '20.5697486883', 'LinkerRestraint-Nup133_126-132_bead-Nup133_133_pdb_None': '0.0', 'ISDCrossLinkMS_Distance_intrarb-State:0-506:Nup133_562:Nup133-1-1-1.0_EDC': '13.5635487786', 'ISDCrossLinkMS_Distance_intrarb-State:0-186:Sec13_239:Sec13-1-1-1.0_EDC': '11.5688599458', 'ISDCrossLinkMS_Distance_interrb-State:0-100:Seh1_2:Nup85-1-1-1.0_DSS': '28.6881544646', 'LinkerRestraint-Sec13_296_pdb-Sec13_297_bead_None': '0.0', 'ISDCrossLinkMS_Distance_intrarb-State:0-37:Seh1_89:Seh1-1-1-1.0_EDC': '16.2124582558', 'LinkerRestraint-Nup145c_101-120_bead-Nup145c_121-125_bead_None': '0.0', 'ISDCrossLinkMS_Distance_intrarb-State:0-183:Nup145c_226:Nup145c-1-1-1.0_EDC': '10.6729325157', 'ISDCrossLinkMS_Distance_interrb-State:0-672:Nup145c_700:Nup145c-1-1-1.0_EDC': '16.5036960479', 'ISDCrossLinkMS_Distance_interrb-State:0-201:Seh1_283:Seh1-1-1-1.0_EDC': '15.3742966027', 'ISDCrossLinkMS_Distance_intrarb-State:0-248:Seh1_207:Seh1-1-1-1.0_DSS': '16.3861578548', 'ISDCrossLinkMS_Distance_interrb-State:0-30:Nup85_164:Nup85-1-1-1.0_EDC': '24.4298785321', 'ISDCrossLinkMS_Distance_intrarb-State:0-480:Nup133_63:Nup133-1-1-1.0_EDC': '10.2245461516', 'ISDCrossLinkMS_Distance_intrarb-State:0-193:Nup145c_223:Nup145c-1-1-1.0_EDC': '11.9735410593', 'ISDCrossLinkMS_Distance_intrarb-State:0-102:Nup85_163:Nup85-1-1-1.0_DSS': '13.3876800348', 'ISDCrossLinkMS_Distance_intrarb-State:0-2:Sec13_34:Sec13-1-1-1.0_DSS': '17.387590124', 'ISDCrossLinkMS_Distance_intrarb-State:0-973:Nup133_976:Nup133-1-1-1.0_DSS': '5.23750986388', 'ISDCrossLinkMS_Psi_1.0_EDC': '0.05', 'ISDCrossLinkMS_Distance_interrb-State:0-2:Sec13_163:Nup145c-1-1-1.0_DSS': '7.36326304555', 'ISDCrossLinkMS_Distance_interrb-State:0-718:Nup85_198:Seh1-1-1-1.0_DSS': '43.2468922975', 'LinkerRestraint-Nup133_144_pdb-Nup133_145-161_bead_None': '0.0', 'ISDCrossLinkMS_Distance_intrarb-State:0-204:Nup145c_532:Nup145c-1-1-1.0_DSS': '13.9398062814', 'LinkerRestraint-Nup85_672-679_bead-Nup85_680_pdb_None': '0.0', 'LinkerRestraint-Nup145c_145-150_bead-Nup145c_151_pdb_None': '0.0', 'ISDCrossLinkMS_Distance_intrarb-State:0-718:Nup85_734:Nup85-1-1-1.0_DSS': '22.2266447168', 'LinkerRestraint-Nup84_562_pdb-Nup84_563-574_bead_None': '0.0', 'ISDCrossLinkMS_Distance_interrb-State:0-2:Seh1_1:Nup85-1-1-1.0_DSS': '15.4637371742', 'SimplifiedModel_Link_SortedSegments_Nup120_None': '0.0', 'LinkerRestraint-Nup120_50-52_bead-Nup120_53_pdb_None': '0.0', 'LinkerRestraint-Nup84_81-95_bead-Nup84_96_pdb_None': '0.0', 'ISDCrossLinkMS_Distance_intrarb-State:0-592:Nup84_626:Nup84-1-1-1.0_EDC': '9.7285838266', 'ISDCrossLinkMS_Distance_interrb-State:0-694:Nup145c_729:Nup85-1-1-1.0_DSS': '28.9302324498', 'ISDCrossLinkMS_Distance_interrb-State:0-293:Nup85_2:Nup85-1-1-1.0_DSS': '57.0203441817', 'ISDCrossLinkMS_Distance_interrb-State:0-38:Nup120_429:Nup120-1-1-1.0_EDC': '15.9287665051', 'ISDCrossLinkMS_Distance_intrarb-State:0-1072:Nup133_1035:Nup133-1-1-1.0_DSS': '19.5267905616', 'ISDCrossLinkMS_Distance_interrb-State:0-286:Sec13_437:Nup145c-1-1-1.0_EDC': '11.8728979736', 'ISDCrossLinkMS_Distance_intrarb-State:0-460:Nup84_20:Nup84-1-1-1.0_DSS': '12.9221468501', 'LinkerRestraint-Nup85_122_pdb-Nup85_123-134_bead_None': '0.0', 'ISDCrossLinkMS_Distance_interrb-State:0-2:Sec13_990:Nup120-1-1-1.0_EDC': '77.5898610296', 'ISDCrossLinkMS_Distance_interrb-State:0-712:Nup84_935:Nup133-1-1-1.0_EDC': '16.4007300342', 'ISDCrossLinkMS_Distance_intrarb-State:0-1072:Nup133_936:Nup133-1-1-1.0_DSS': '30.5517676913', 'ISDCrossLinkMS_Distance_interrb-State:0-34:Sec13_168:Nup145c-1-1-1.0_DSS': '24.3069747553', 'ISDCrossLinkMS_Distance_intrarb-State:0-592:Nup84_560:Nup84-1-1-1.0_DSS': '23.3569391', 'ISDCrossLinkMS_Distance_interrb-State:0-683:Nup145c_672:Nup145c-1-1-1.0_DSS': '15.3471173935', 'ISDCrossLinkMS_Distance_interrb-State:0-972:Nup120_734:Nup85-1-1-1.0_DSS': '19.7863674006', 'ISDCrossLinkMS_Distance_interrb-State:0-593:Nup145c_694:Nup145c-1-1-1.0_DSS': '32.4204434929', 'ISDCrossLinkMS_Distance_interrb-State:0-2:Sec13_168:Nup145c-1-1-1.0_DSS': '8.06385707034', 'ISDCrossLinkMS_Distance_interrb-State:0-59:Nup145c_39:Nup145c-1-1-1.0_DSS': '17.7776217428', 'ISDCrossLinkMS_Distance_intrarb-State:0-946:Nup133_935:Nup133-1-1-1.0_EDC': '17.7957440061', 'ISDCrossLinkMS_Distance_interrb-State:0-39:Nup85_2:Nup85-1-1-1.0_DSS': '14.9770986298', 'LinkerRestraint-Nup85_41-60_bead-Nup85_61-66_bead_None': '0.0', 'ISDCrossLinkMS_Distance_interrb-State:0-60:Nup85_39:Nup85-1-1-1.0_DSS': '20.2646449381', 'ISDCrossLinkMS_Distance_interrb-State:0-506:Nup133_59:Nup133-1-1-1.0_DSS': '39.0977354331', 'ISDCrossLinkMS_Distance_intrarb-State:0-186:Sec13_172:Sec13-1-1-1.0_DSS': '4.41920436993', 'ISDCrossLinkMS_Distance_intrarb-State:0-384:Nup120_362:Nup120-1-1-1.0_DSS': '9.38882356046', 'ISDCrossLinkMS_Distance_interrb-State:0-282:Sec13_174:Nup145c-1-1-1.0_DSS': '16.3680514194', 'ISDCrossLinkMS_Distance_interrb-State:0-31:Sec13_141:Nup145c-1-1-1.0_DSS': '24.9459444316', 'ISDCrossLinkMS_Distance_interrb-State:0-183:Nup145c_282:Sec13-1-1-1.0_DSS': '24.1192956358', 'ISDCrossLinkMS_Distance_intrarb-State:0-40:Seh1_34:Seh1-1-1-1.0_DSS': '19.1387894766', 'LinkerRestraint-Nup120_911-920_bead-Nup120_921_pdb_None': '0.0', 'ISDCrossLinkMS_Distance_intrarb-State:0-278:Nup133_239:Nup133-1-1-1.0_DSS': '14.9255405242', 'SimplifiedModel_Link_SortedSegments_Sec13_None': '0.0', 'ISDCrossLinkMS_Distance_intrarb-State:0-44:Sec13_2:Sec13-1-1-1.0_DSS': '12.8017043769', 'LinkerRestraint-Nup84_365-371_bead-Nup84_372_pdb_None': '0.0', 'ISDCrossLinkMS_Distance_interrb-State:0-103:Nup133_131:Nup133-1-1-1.0_EDC': '16.9524331927', 'ISDCrossLinkMS_Distance_interrb-State:0-17:Nup120_735:Nup120-1-1-1.0_DSS': '21.4723138546', 'ISDCrossLinkMS_Distance_intrarb-State:0-936:Nup133_952:Nup133-1-1-1.0_EDC': '23.2396181963', 'ISDCrossLinkMS_Distance_intrarb-State:0-592:Nup84_625:Nup84-1-1-1.0_DSS': '11.3398765423', 'ISDCrossLinkMS_Distance_interrb-State:0-1:Seh1_89:Nup85-1-1-1.0_DSS': '22.8200186046', 'ISDCrossLinkMS_Distance_interrb-State:0-735:Nup120_405:Nup120-1-1-1.0_EDC': '18.0030469387', 'LinkerRestraint-Nup84_21-26_bead-Nup84_27_pdb_None': '0.0', 'LinkerRestraint-Nup145c_21-40_bead-Nup145c_41-60_bead_None': '0.0', 'ISDCrossLinkMS_Distance_interrb-State:0-236:Seh1_64:Nup85-1-1-1.0_DSS': '63.5660542846', 'LinkerRestraint-Nup120_710_pdb-Nup120_711_pdb_None': '0.0', 'ISDCrossLinkMS_Distance_intrarb-State:0-219:Nup145c_187:Nup145c-1-1-1.0_EDC': '18.1571853432', 'ISDCrossLinkMS_Distance_interrb-State:0-694:Nup145c_681:Nup145c-1-1-1.0_DSS': '15.7293648071', 'ISDCrossLinkMS_Distance_interrb-State:0-277:Sec13_174:Nup145c-1-1-1.0_DSS': '18.1164696889', 'ISDCrossLinkMS_Distance_interrb-State:0-735:Nup120_412:Nup120-1-1-1.0_DSS': '20.7565580473', 'ISDCrossLinkMS_Distance_interrb-State:0-2:Sec13_39:Nup145c-1-1-1.0_DSS': '20.5527556534', 'ISDCrossLinkMS_Distance_interrb-State:0-30:Nup85_163:Nup85-1-1-1.0_DSS': '22.4162263909', 'SimplifiedModel_Link_UnmodeledRegions_Seh1_None': '0.0', 'rmf_file': 'output.1/rmfs//1.rmf3', 'ISDCrossLinkMS_Distance_interrb-State:0-2:Sec13_141:Seh1-1-1-1.0_EDC': '18.1269282443', 'ISDCrossLinkMS_Distance_intrarb-State:0-400:Nup120_441:Nup120-1-1-1.0_EDC': '18.8558692074', 'ISDCrossLinkMS_Distance_interrb-State:0-1:Seh1_4:Nup85-1-1-1.0_EDC': '12.0890140168', 'ISDCrossLinkMS_Distance_interrb-State:0-91:Nup145c_70:Nup145c-1-1-1.0_EDC': '18.9263224821', 'ISDCrossLinkMS_Distance_interrb-State:0-59:Nup133_5:Nup133-1-1-1.0_DSS': '19.4651487163', 'LinkerRestraint-Nup145c_614-633_bead-Nup145c_634-653_bead_None': '0.0', 'LinkerRestraint-Nup120_213-220_bead-Nup120_221_pdb_None': '0.0', 'ISDCrossLinkMS_Distance_interrb-State:0-183:Sec13_198:Seh1-1-1-1.0_DSS': '37.0009681027', 'ISDCrossLinkMS_Distance_interrb-State:0-59:Nup145c_680:Nup85-1-1-1.0_DSS': '45.9794094687', 'ISDCrossLinkMS_Distance_interrb-State:0-1:Nup145c_163:Nup85-1-1-1.0_DSS': '72.1797329405', 'LinkerRestraint-Nup133_200_pdb-Nup133_201-205_bead_None': '0.0', 'ISDCrossLinkMS_Distance_interrb-State:0-60:Nup85_43:Nup145c-1-1-1.0_DSS': '41.8125785381', 'ISDCrossLinkMS_Distance_interrb-State:0-39:Nup145c_60:Nup145c-1-1-1.0_EDC': '17.7776217428', 'ISDCrossLinkMS_Distance_interrb-State:0-30:Nup85_2:Nup85-1-1-1.0_DSS': '14.9770986298', 'ISDCrossLinkMS_Distance_intrarb-State:0-277:Sec13_294:Sec13-1-1-1.0_EDC': '13.8686044766', 'ISDCrossLinkMS_Distance_intrarb-State:0-1034:Nup133_946:Nup133-1-1-1.0_DSS': '22.7831098232', 'ISDCrossLinkMS_Distance_intrarb-State:0-288:Sec13_249:Sec13-1-1-1.0_DSS': '8.30895040055', 'ISDCrossLinkMS_Distance_intrarb-State:0-183:Nup145c_197:Nup145c-1-1-1.0_DSS': '20.4902133578', 'LinkerRestraint-Nup120_429_pdb-Nup120_430-439_bead_None': '0.0', 'ISDCrossLinkMS_Distance_intrarb-State:0-400:Nup120_530:Nup120-1-1-1.0_DSS': '11.8165260967', 'ISDCrossLinkMS_Distance_intrarb-State:0-544:Nup84_598:Nup84-1-1-1.0_EDC': '12.9208050149', 'ISDCrossLinkMS_Distance_intrarb-State:0-17:Nup120_412:Nup120-1-1-1.0_DSS': '12.1764713753', 'ISDCrossLinkMS_Distance_intrarb-State:0-247:Nup85_237:Nup85-1-1-1.0_DSS': '16.8095382171', 'ISDCrossLinkMS_Distance_interrb-State:0-10:Sec13_164:Nup145c-1-1-1.0_EDC': '23.2628519611', 'LinkerRestraint-Nup145c_554-573_bead-Nup145c_574-593_bead_None': '0.0', 'ISDCrossLinkMS_Distance_interrb-State:0-707:Nup145c_681:Nup145c-1-1-1.0_DSS': '15.7293648071', 'ISDCrossLinkMS_Distance_intrarb-State:0-1142:Nup133_1069:Nup133-1-1-1.0_EDC': '14.1754924751', 'ISDCrossLinkMS_Distance_interrb-State:0-642:Nup145c_683:Nup145c-1-1-1.0_DSS': '15.0370354342', 'ISDCrossLinkMS_Distance_intrarb-State:0-602:Nup84_544:Nup84-1-1-1.0_DSS': '17.6866482159', 'MonteCarlo_StepSize_Nuisances_ISDCrossLinkMS_Sigma_1_EDC_85': '0.5', 'LinkerRestraint-Nup84_20_pdb-Nup84_21-26_bead_None': '0.0', 'ISDCrossLinkMS_Distance_interrb-State:0-353:Nup145c_154:Nup84-1-1-1.0_DSS': '22.0875190637', 'ISDCrossLinkMS_Distance_interrb-State:0-207:Seh1_283:Seh1-1-1-1.0_EDC': '17.4186793883', 'ISDCrossLinkMS_Distance_interrb-State:0-282:Sec13_438:Nup145c-1-1-1.0_EDC': '20.8233945047', 'ISDCrossLinkMS_Distance_intrarb-State:0-284:Nup145c_357:Nup145c-1-1-1.0_DSS': '16.6911163592', 'ISDCrossLinkMS_Distance_interrb-State:0-231:Nup85_2:Nup85-1-1-1.0_DSS': '44.5394241688', 'LinkerRestraint-Nup120_893-902_bead-Nup120_903_pdb_None': '0.0', 'LinkerRestraint-Nup120_1011-1022_bead-Nup120_1023_pdb_None': '0.0', 'ISDCrossLinkMS_Distance_interrb-State:0-642:Nup145c_694:Nup145c-1-1-1.0_DSS': '16.9335138247', 'ISDCrossLinkMS_Data_Score_DSS': '98.1428848834', 'ISDCrossLinkMS_Distance_interrb-State:0-23:Nup84_460:Nup84-1-1-1.0_DSS': '15.2977645105', 'ISDCrossLinkMS_Distance_intrarb-State:0-400:Nup120_440:Nup120-1-1-1.0_EDC': '15.7673789019', 'LinkerRestraint-Nup145c_41-60_bead-Nup145c_61-80_bead_None': '0.0', 'ISDCrossLinkMS_Distance_interrb-State:0-85:Nup85_64:Nup85-1-1-1.0_DSS': '16.243519393', 'ISDCrossLinkMS_Distance_interrb-State:0-2:Sec13_59:Nup145c-1-1-1.0_DSS': '19.4433105168', 'ISDCrossLinkMS_Distance_interrb-State:0-39:Nup145c_717:Nup85-1-1-1.0_EDC': '20.9418413687', 'LinkerRestraint-Nup145c_1-20_bead-Nup145c_21-40_bead_None': '0.0', 'ISDCrossLinkMS_Distance_interrb-State:0-191:Nup133_239:Nup133-1-1-1.0_DSS': '19.4979255914', 'ISDCrossLinkMS_Distance_interrb-State:0-1:Nup145c_564:Nup85-1-1-1.0_DSS': '58.5383853524', 'ISDCrossLinkMS_Distance_intrarb-State:0-2:Sec13_41:Sec13-1-1-1.0_EDC': '5.34786364607', 'ISDCrossLinkMS_Distance_interrb-State:0-544:Nup133_488:Nup133-1-1-1.0_DSS': '15.6355630644', 'LinkerRestraint-Nup145c_553_pdb-Nup145c_554-573_bead_None': '0.0', 'ISDCrossLinkMS_Distance_interrb-State:0-154:Nup84_338:Nup145c-1-1-1.0_EDC': '10.1745197495', 'ISDCrossLinkMS_Distance_intrarb-State:0-82:Seh1_100:Seh1-1-1-1.0_DSS': '6.86613248426', 'LinkerRestraint-Nup133_481-489_bead-Nup133_490_pdb_None': '0.0', 'ISDCrossLinkMS_Distance_intrarb-State:0-718:Nup85_733:Nup85-1-1-1.0_DSS': '22.0627488883', 'LinkerRestraint-Seh1_249-268_bead-Seh1_269-287_bead_None': '0.0', 'LinkerRestraint-Nup120_30-49_bead-Nup120_50-52_bead_None': '0.0', 'ISDCrossLinkMS_Distance_interrb-State:0-39:Nup145c_715:Nup85-1-1-1.0_EDC': '19.2221474014', 'ISDCrossLinkMS_Distance_interrb-State:0-39:Nup145c_587:Nup85-1-1-1.0_EDC': '28.8905461129', 'ISDCrossLinkMS_Distance_interrb-State:0-943:Nup120_681:Nup145c-1-1-1.0_DSS': '24.7920822257', 'ISDCrossLinkMS_Distance_interrb-State:0-705:Nup85_144:Seh1-1-1-1.0_EDC': '54.9450345584', 'ISDCrossLinkMS_Distance_interrb-State:0-972:Nup120_681:Nup145c-1-1-1.0_DSS': '28.9498695476', 'ISDCrossLinkMS_Distance_interrb-State:0-253:Nup133_340:Nup84-1-1-1.0_EDC': '199.058930196', 'ISDCrossLinkMS_Distance_interrb-State:0-2:Sec13_279:Seh1-1-1-1.0_EDC': '31.0018235071', 'SimplifiedModel_Link_SortedSegments_Nup133_None': '0.0', 'ISDCrossLinkMS_Distance_interrb-State:0-206:Nup120_217:Nup120-1-1-1.0_DSS': '14.0848867055', 'ISDCrossLinkMS_Distance_interrb-State:0-40:Seh1_2:Nup85-1-1-1.0_DSS': '10.7920403829', 'ISDCrossLinkMS_Distance_interrb-State:0-171:Nup133_191:Nup133-1-1-1.0_DSS': '12.4765466862', 'ISDCrossLinkMS_Distance_interrb-State:0-532:Nup133_488:Nup133-1-1-1.0_DSS': '22.967858807', 'ISDCrossLinkMS_Distance_intrarb-State:0-236:Seh1_212:Seh1-1-1-1.0_DSS': '7.92384853565', 'LinkerRestraint-Nup85_448-460_bead-Nup85_461_pdb_None': '0.0', 'ISDCrossLinkMS_Distance_interrb-State:0-2:Sec13_43:Nup145c-1-1-1.0_DSS': '19.4433105168', 'ISDCrossLinkMS_Distance_interrb-State:0-1:Seh1_32:Nup85-1-1-1.0_EDC': '7.50483177741', 'LinkerRestraint-Nup145c_144_pdb-Nup145c_145-150_bead_None': '0.0', 'ISDCrossLinkMS_Distance_intrarb-State:0-143:Nup84_173:Nup84-1-1-1.0_EDC': '7.85930934086', 'LinkerRestraint-Nup84_364_pdb-Nup84_365-371_bead_None': '0.0', 'ISDCrossLinkMS_Distance_intrarb-State:0-1142:Nup133_1068:Nup133-1-1-1.0_EDC': '15.9725880217', 'ISDCrossLinkMS_Distance_interrb-State:0-2:Sec13_60:Nup145c-1-1-1.0_EDC': '19.4433105168', 'ISDCrossLinkMS_Distance_interrb-State:0-282:Sec13_179:Nup145c-1-1-1.0_EDC': '18.2527775304', 'ISDCrossLinkMS_Distance_intrarb-State:0-729:Nup85_733:Nup85-1-1-1.0_DSS': '6.10231149704', 'SimplifiedModel_Link_UnmodeledRegions_Nup120_None': '0.0', 'ISDCrossLinkMS_Distance_interrb-State:0-438:Nup85_244:Seh1-1-1-1.0_DSS': '84.2693605044', 'ISDCrossLinkMS_Distance_interrb-State:0-65:Sec13_509:Nup145c-1-1-1.0_DSS': '43.0925259687', 'LinkerRestraint-Seh1_269-287_bead-Seh1_288_pdb_None': '0.0'}
